Test MNT-B2m-walker-flags-unlocked Allowed
States 13
0:r1=0; 0:r2=0; 0:r3=0; [freed]=0;
0:r1=0; 0:r2=1; 0:r3=0; [freed]=0;
0:r1=0; 0:r2=2; 0:r3=0; [freed]=0;
0:r1=0; 0:r2=3; 0:r3=0; [freed]=0;
0:r1=0; 0:r2=3; 0:r3=0; [freed]=1;
0:r1=0; 0:r2=3; 0:r3=3; [freed]=1;
0:r1=0; 0:r2=4; 0:r3=0; [freed]=0;
0:r1=0; 0:r2=4; 0:r3=0; [freed]=1;
0:r1=0; 0:r2=4; 0:r3=3; [freed]=1;
0:r1=1; 0:r2=0; 0:r3=0; [freed]=1;
0:r1=2; 0:r2=0; 0:r3=0; [freed]=1;
0:r1=3; 0:r2=0; 0:r3=0; [freed]=1;
0:r1=4; 0:r2=0; 0:r3=0; [freed]=1;
Ok
Witnesses
Positive: 2 Negative: 11
Condition exists (0:r1=0 /\ not (0:r2=0) /\ 0:r3=0 /\ [freed]=1)
Observation MNT-B2m-walker-flags-unlocked Sometimes 2 11
Time MNT-B2m-walker-flags-unlocked 0.21
Hash=964ed102f15b1fc4a92516b46bc9f17f
