Test MNT-B1-walker-inc-vs-peek Allowed
States 13
0:r1=0; 0:r2=0; [freed]=0;
0:r1=0; 0:r2=1; [freed]=0;
0:r1=0; 0:r2=1; [freed]=1;
0:r1=0; 0:r2=2; [freed]=0;
0:r1=0; 0:r2=2; [freed]=1;
0:r1=0; 0:r2=3; [freed]=0;
0:r1=0; 0:r2=3; [freed]=1;
0:r1=0; 0:r2=4; [freed]=0;
0:r1=0; 0:r2=4; [freed]=1;
0:r1=1; 0:r2=0; [freed]=1;
0:r1=2; 0:r2=0; [freed]=1;
0:r1=3; 0:r2=0; [freed]=1;
0:r1=4; 0:r2=0; [freed]=1;
No
Witnesses
Positive: 0 Negative: 13
Condition exists (0:r1=0 /\ 0:r2=0 /\ [freed]=1)
Observation MNT-B1-walker-inc-vs-peek Never 0 13
Time MNT-B1-walker-inc-vs-peek 0.49
Hash=ff15ec40cb0726ca3f4e00a1b916dc3e
