Test MNT-B2-walker-bail-sees-doomed-lazy Allowed
States 11
0:r1=0; 0:r2=0; 0:r3=0; [freed]=0;
0:r1=0; 0:r2=1; 0:r3=0; [freed]=0;
0:r1=0; 0:r2=2; 0:r3=0; [freed]=0;
0:r1=0; 0:r2=3; 0:r3=0; [freed]=0;
0:r1=0; 0:r2=3; 0:r3=3; [freed]=1;
0:r1=0; 0:r2=4; 0:r3=0; [freed]=0;
0:r1=0; 0:r2=4; 0:r3=3; [freed]=1;
0:r1=1; 0:r2=0; 0:r3=0; [freed]=1;
0:r1=2; 0:r2=0; 0:r3=0; [freed]=1;
0:r1=3; 0:r2=0; 0:r3=0; [freed]=1;
0:r1=4; 0:r2=0; 0:r3=0; [freed]=1;
No
Witnesses
Positive: 0 Negative: 13
Condition exists (0:r1=0 /\ not (0:r2=0) /\ 0:r3=0 /\ [freed]=1)
Observation MNT-B2-walker-bail-sees-doomed-lazy Never 0 13
Time MNT-B2-walker-bail-sees-doomed-lazy 0.32
Hash=fb9913355879cc8de60d23061c85a8c4
