Test MNT-B1m-walker-nomb Allowed
States 14
0:r1=0; 0:r2=0; [freed]=0;
0:r1=0; 0:r2=0; [freed]=1;
0:r1=0; 0:r2=1; [freed]=0;
0:r1=0; 0:r2=1; [freed]=1;
0:r1=0; 0:r2=2; [freed]=0;
0:r1=0; 0:r2=2; [freed]=1;
0:r1=0; 0:r2=3; [freed]=0;
0:r1=0; 0:r2=3; [freed]=1;
0:r1=0; 0:r2=4; [freed]=0;
0:r1=0; 0:r2=4; [freed]=1;
0:r1=1; 0:r2=0; [freed]=1;
0:r1=2; 0:r2=0; [freed]=1;
0:r1=3; 0:r2=0; [freed]=1;
0:r1=4; 0:r2=0; [freed]=1;
Ok
Witnesses
Positive: 1 Negative: 15
Condition exists (0:r1=0 /\ 0:r2=0 /\ [freed]=1)
Observation MNT-B1m-walker-nomb Sometimes 1 15
Time MNT-B1m-walker-nomb 0.49
Hash=46c8f2eba4d7b2ee18a57100e57b4030
